#-----------------------------------------------------------
# Vivado v2025.1 (64-bit)
# SW Build 6140274 on Wed May 21 22:58:25 MDT 2025
# IP Build 6138677 on Thu May 22 03:10:11 MDT 2025
# SharedData Build 6139179 on Tue May 20 17:58:58 MDT 2025
# Start of session at: Sun Jul 27 14:11:39 2025
# Process ID         : 35993
# Current directory  : /home/thanda/Documents/vivado/rahul.vivado-trafficlight/rahul.vivado-trafficlight.runs/impl_1
# Command line       : vivado -log trafficlight_controller.vdi -applog -product Vivado -messageDb vivado.pb -mode batch -source trafficlight_controller.tcl -notrace
# Log file           : /home/thanda/Documents/vivado/rahul.vivado-trafficlight/rahul.vivado-trafficlight.runs/impl_1/trafficlight_controller.vdi
# Journal file       : /home/thanda/Documents/vivado/rahul.vivado-trafficlight/rahul.vivado-trafficlight.runs/impl_1/vivado.jou
# Running On         : THANDA
# Platform           : Arch
# Operating System   : Arch Linux
# Processor Detail   : Intel(R) Core(TM) i5-8365U CPU @ 1.60GHz
# CPU Frequency      : 2099.970 MHz
# CPU Physical cores : 4
# CPU Logical cores  : 8
# Host memory        : 8088 MB
# Swap memory        : 4043 MB
# Total Virtual      : 12132 MB
# Available Virtual  : 6184 MB
#-----------------------------------------------------------
source trafficlight_controller.tcl -notrace
